[nago@localhost Desktop]$ su -
Password: 
[root@localhost ~]# 
[root@localhost ~]# wget -O /etc/yum.repos.d/jenkins.repo http://pkg.jenkins-ci.org/redhat/jenkins.repo
--2014-02-27 13:34:04--  http://pkg.jenkins-ci.org/redhat/jenkins.repo
Resolving pkg.jenkins-ci.org... 199.193.196.24
Connecting to pkg.jenkins-ci.org|199.193.196.24|:80... connected.
HTTP request sent, awaiting response... 200 OK
Length: 75 [text/plain]
Saving to: “/etc/yum.repos.d/jenkins.repo”

100%[======================================>] 75          --.-K/s   in 0s      

2014-02-27 13:34:05 (6.73 MB/s) - “/etc/yum.repos.d/jenkins.repo” saved [75/75]

[root@localhost ~]# ls -l /etc/yum.repos.d/jenkins.repo
-rw-r--r--. 1 root root 75 Feb 24 21:01 /etc/yum.repos.d/jenkins.repo
[root@localhost ~]# cat /etc/yum.repos.d/jenkins.repo
[jenkins]
name=Jenkins
baseurl=http://pkg.jenkins-ci.org/redhat
gpgcheck=1
[root@localhost ~]# rpm --import http://pkg.jenkins-ci.org/redhat/jenkins-ci.org.key
[root@localhost ~]# rpm -qi "gpg-pubkey-" |grep Summary
Summary     : gpg(Kohsuke Kawaguchi <kohsuke.kawaguchi@sun.com>)
[root@localhost ~]# yum install jenkins
Loaded plugins: fastestmirror, refresh-packagekit, security
Determining fastest mirrors
 * base: ftp.nara.wide.ad.jp
 * extras: ftp.nara.wide.ad.jp
 * updates: ftp.nara.wide.ad.jp
jenkins                                                  |  951 B     00:00     
jenkins/primary                                          |  24 kB     00:00     
jenkins                                                                 225/225
Setting up Install Process
Resolving Dependencies
--> Running transaction check
---> Package jenkins.noarch 0:1.552-1.1 will be installed
--> Finished Dependency Resolution

Dependencies Resolved

================================================================================
 Package           Arch             Version             Repository         Size
================================================================================
Installing:
 jenkins           noarch           1.552-1.1           jenkins            58 M

Transaction Summary
================================================================================
Install       1 Package(s)

Total download size: 58 M
Installed size: 64 M
Is this ok [y/N]: y
Downloading Packages:
jenkins-1.552-1.1.noarch.rpm                             |  58 MB     19:01     
Running rpm_check_debug
Running Transaction Test
Transaction Test Succeeded
Running Transaction
  Installing : jenkins-1.552-1.1.noarch                                     1/1 
warning: /etc/yum.repos.d/jenkins.repo created as /etc/yum.repos.d/jenkins.repo.rpmnew
  Verifying  : jenkins-1.552-1.1.noarch                                     1/1 

Installed:
  jenkins.noarch 0:1.552-1.1                                                    

Complete!
[root@localhost ~]# which jenkins
/usr/bin/which: no jenkins in (/usr/local/sbin:/usr/local/bin:/sbin:/bin:/usr/sbin:/usr/bin:/root/bin)
[root@localhost ~]# cd /etc/init.d
[root@localhost init.d]# ls -l jenkins
-rwxr-xr-x. 1 root root 5985 Feb 24 21:00 jenkins
[root@localhost init.d]# ./jenkins status
jenkins is stopped
[root@localhost init.d]# ./jenkins start
Starting Jenkins bash: /usr/bin/java: No such file or directory
                                                           [FAILED]
[root@localhost init.d]# 

[root@localhost local]# 
[root@localhost local]# 
[root@localhost local]# yum install java-1.7.0-openjdk
Loaded plugins: fastestmirror, refresh-packagekit, security
Loading mirror speeds from cached hostfile
 * base: ftp.nara.wide.ad.jp
 * extras: ftp.nara.wide.ad.jp
 * updates: ftp.nara.wide.ad.jp
Setting up Install Process
Resolving Dependencies
--> Running transaction check
---> Package java-1.7.0-openjdk.i686 1:1.7.0.51-2.4.4.1.el6_5 will be installed
--> Processing Dependency: jpackage-utils >= 1.7.3-1jpp.2 for package: 1:java-1.7.0-openjdk-1.7.0.51-2.4.4.1.el6_5.i686
--> Processing Dependency: xorg-x11-fonts-Type1 for package: 1:java-1.7.0-openjdk-1.7.0.51-2.4.4.1.el6_5.i686
--> Processing Dependency: tzdata-java for package: 1:java-1.7.0-openjdk-1.7.0.51-2.4.4.1.el6_5.i686
--> Processing Dependency: rhino for package: 1:java-1.7.0-openjdk-1.7.0.51-2.4.4.1.el6_5.i686
--> Processing Dependency: libgif.so.4 for package: 1:java-1.7.0-openjdk-1.7.0.51-2.4.4.1.el6_5.i686
--> Running transaction check
---> Package giflib.i686 0:4.1.6-3.1.el6 will be installed
---> Package jpackage-utils.noarch 0:1.7.5-3.12.el6 will be installed
---> Package rhino.noarch 0:1.7-0.7.r2.2.el6 will be installed
--> Processing Dependency: jline for package: rhino-1.7-0.7.r2.2.el6.noarch
---> Package tzdata-java.noarch 0:2013i-2.el6 will be installed
---> Package xorg-x11-fonts-Type1.noarch 0:7.2-9.1.el6 will be installed
--> Processing Dependency: ttmkfdir for package: xorg-x11-fonts-Type1-7.2-9.1.el6.noarch
--> Processing Dependency: ttmkfdir for package: xorg-x11-fonts-Type1-7.2-9.1.el6.noarch
--> Running transaction check
---> Package jline.noarch 0:0.9.94-0.8.el6 will be installed
---> Package ttmkfdir.i686 0:3.0.9-32.1.el6 will be installed
--> Finished Dependency Resolution

Dependencies Resolved

================================================================================
 Package                 Arch      Version                     Repository  Size
================================================================================
Installing:
 java-1.7.0-openjdk      i686      1:1.7.0.51-2.4.4.1.el6_5    updates     27 M
Installing for dependencies:
 giflib                  i686      4.1.6-3.1.el6               base        37 k
 jline                   noarch    0.9.94-0.8.el6              base        86 k
 jpackage-utils          noarch    1.7.5-3.12.el6              base        59 k
 rhino                   noarch    1.7-0.7.r2.2.el6            base       778 k
 ttmkfdir                i686      3.0.9-32.1.el6              base        41 k
 tzdata-java             noarch    2013i-2.el6                 updates    147 k
 xorg-x11-fonts-Type1    noarch    7.2-9.1.el6                 base       520 k

Transaction Summary
================================================================================
Install       8 Package(s)

Total download size: 29 M
Installed size: 94 M
Is this ok [y/N]: y
Downloading Packages:
(1/8): giflib-4.1.6-3.1.el6.i686.rpm                     |  37 kB     00:00     
(2/8): java-1.7.0-openjdk-1.7.0.51-2.4.4.1.el6_5.i686.rp |  27 MB     01:28     
(3/8): jline-0.9.94-0.8.el6.noarch.rpm                   |  86 kB     00:00     
(4/8): jpackage-utils-1.7.5-3.12.el6.noarch.rpm          |  59 kB     00:00     
http://ftp.nara.wide.ad.jp/pub/Linux/centos/6.5/os/i386/Packages/rhino-1.7-0.7.r2.2.el6.noarch.rpm: [Errno 12] Timeout on http://ftp.nara.wide.ad.jp/pub/Linux/centos/6.5/os/i386/Packages/rhino-1.7-0.7.r2.2.el6.noarch.rpm: (28, 'Operation too slow. Less than 1 bytes/sec transfered the last 30 seconds')
Trying other mirror.
(5/8): rhino-1.7-0.7.r2.2.el6.noarch.rpm                 | 778 kB     00:00     
(6/8): ttmkfdir-3.0.9-32.1.el6.i686.rpm                  |  41 kB     00:00     
(7/8): tzdata-java-2013i-2.el6.noarch.rpm                | 147 kB     00:00     
(8/8): xorg-x11-fonts-Type1-7.2-9.1.el6.noarch.rpm       | 520 kB     00:02     
--------------------------------------------------------------------------------
Total                                           221 kB/s |  29 MB     02:12     
warning: rpmts_HdrFromFdno: Header V3 RSA/SHA1 Signature, key ID c105b9de: NOKEY
Retrieving key from file:///etc/pki/rpm-gpg/RPM-GPG-KEY-CentOS-6
Importing GPG key 0xC105B9DE:
 Userid : CentOS-6 Key (CentOS 6 Official Signing Key) <centos-6-key@centos.org>
 Package: centos-release-6-5.el6.centos.11.1.i686 (@anaconda-CentOS-201311271240.i386/6.5)
 From   : /etc/pki/rpm-gpg/RPM-GPG-KEY-CentOS-6
Is this ok [y/N]: y
Running rpm_check_debug
Running Transaction Test
Transaction Test Succeeded
Running Transaction
  Installing : jpackage-utils-1.7.5-3.12.el6.noarch                         1/8 
  Installing : jline-0.9.94-0.8.el6.noarch                                  2/8 
  Installing : rhino-1.7-0.7.r2.2.el6.noarch                                3/8 
  Installing : tzdata-java-2013i-2.el6.noarch                               4/8 
  Installing : giflib-4.1.6-3.1.el6.i686                                    5/8 
  Installing : ttmkfdir-3.0.9-32.1.el6.i686                                 6/8 
  Installing : xorg-x11-fonts-Type1-7.2-9.1.el6.noarch                      7/8 
  Installing : 1:java-1.7.0-openjdk-1.7.0.51-2.4.4.1.el6_5.i686             8/8 
  Verifying  : tzdata-java-2013i-2.el6.noarch                               1/8 
  Verifying  : ttmkfdir-3.0.9-32.1.el6.i686                                 2/8 
  Verifying  : jline-0.9.94-0.8.el6.noarch                                  3/8 
  Verifying  : xorg-x11-fonts-Type1-7.2-9.1.el6.noarch                      4/8 
  Verifying  : giflib-4.1.6-3.1.el6.i686                                    5/8 
  Verifying  : rhino-1.7-0.7.r2.2.el6.noarch                                6/8 
  Verifying  : 1:java-1.7.0-openjdk-1.7.0.51-2.4.4.1.el6_5.i686             7/8 
  Verifying  : jpackage-utils-1.7.5-3.12.el6.noarch                         8/8 

Installed:
  java-1.7.0-openjdk.i686 1:1.7.0.51-2.4.4.1.el6_5                              

Dependency Installed:
  giflib.i686 0:4.1.6-3.1.el6                 jline.noarch 0:0.9.94-0.8.el6     
  jpackage-utils.noarch 0:1.7.5-3.12.el6      rhino.noarch 0:1.7-0.7.r2.2.el6   
  ttmkfdir.i686 0:3.0.9-32.1.el6              tzdata-java.noarch 0:2013i-2.el6  
  xorg-x11-fonts-Type1.noarch 0:7.2-9.1.el6  

Complete!
[root@localhost local]# 
[root@localhost local]# ps -ef | grep java
root     24784  2254  0 14:42 pts/0    00:00:00 grep java
[root@localhost local]# ls -l /usr/bin/java
lrwxrwxrwx. 1 root root 22 Feb 27 14:41 /usr/bin/java -> /etc/alternatives/java
[root@localhost local]# cd /etc/init.d
[root@localhost init.d]# ./jenkins start
Starting Jenkins                                           [  OK  ]
[root@localhost init.d]# ps -ef | grep jenkins
jenkins  24801     1 84 14:42 ?        00:00:07 /etc/alternatives/java -Dcom.sun.akuma.Daemon=daemonized -Djava.awt.headless=true -DJENKINS_HOME=/var/lib/jenkins -jar /usr/lib/jenkins/jenkins.war --logfile=/var/log/jenkins/jenkins.log --webroot=/var/cache/jenkins/war --daemon --httpPort=8080 --ajp13Port=8009 --debug=5 --handlerCountMax=100 --handlerCountMaxIdle=20
root     24829  2254  0 14:42 pts/0    00:00:00 grep jenkins
[root@localhost init.d]# 




