★最初に、zabbixパッケージのインストール、その後、zabbixサーバーのインストールをしたが、
★事前に、Zabbix-JPのyumリポジトリを登録していなかった。なので、登録後に、インストールコマンドを再度実行した。

■最初のzabbixパッケージインストール
[nago@localhost ~]$ su -
Password: 
[root@localhost ~]# yum install fping iksemel net-snmp-libs openldap curl unixODBC OpenIPMI-libs libssh2
Loaded plugins: fastestmirror, refresh-packagekit, security
Loading mirror speeds from cached hostfile
 * base: ftp.iij.ad.jp
 * extras: ftp.iij.ad.jp
 * updates: ftp.iij.ad.jp
Setting up Install Process
No package fping available.
No package iksemel available.
Resolving Dependencies
--> Running transaction check
---> Package OpenIPMI-libs.i686 0:2.0.16-14.el6 will be installed
---> Package curl.i686 0:7.19.7-26.el6_2.4 will be updated
---> Package curl.i686 0:7.19.7-36.el6_4 will be an update
--> Processing Dependency: libcurl = 7.19.7-36.el6_4 for package: curl-7.19.7-36.el6_4.i686
---> Package libssh2.i686 0:1.2.2-7.el6_2.3 will be updated
---> Package libssh2.i686 0:1.4.2-1.el6 will be an update
---> Package net-snmp-libs.i686 1:5.5-41.el6 will be updated
--> Processing Dependency: net-snmp-libs = 1:5.5-41.el6 for package: 1:net-snmp-5.5-41.el6.i686
---> Package net-snmp-libs.i686 1:5.5-44.el6_4.1 will be an update
---> Package openldap.i686 0:2.4.23-26.el6 will be updated
---> Package openldap.i686 0:2.4.23-32.el6_4.1 will be an update
---> Package unixODBC.i686 0:2.2.14-12.el6_3 will be installed
--> Running transaction check
---> Package libcurl.i686 0:7.19.7-26.el6_2.4 will be updated
---> Package libcurl.i686 0:7.19.7-36.el6_4 will be an update
---> Package net-snmp.i686 1:5.5-41.el6 will be updated
---> Package net-snmp.i686 1:5.5-44.el6_4.1 will be an update
--> Finished Dependency Resolution

Dependencies Resolved

================================================================================
 Package              Arch        Version                  Repository      Size
================================================================================
Installing:
 OpenIPMI-libs        i686        2.0.16-14.el6            base           483 k
 unixODBC             i686        2.2.14-12.el6_3          base           382 k
Updating:
 curl                 i686        7.19.7-36.el6_4          updates        193 k
 libssh2              i686        1.4.2-1.el6              base           124 k
 net-snmp-libs        i686        1:5.5-44.el6_4.1         updates        1.5 M
 openldap             i686        2.4.23-32.el6_4.1        updates        267 k
Updating for dependencies:
 libcurl              i686        7.19.7-36.el6_4          updates        171 k
 net-snmp             i686        1:5.5-44.el6_4.1         updates        302 k

Transaction Summary
================================================================================
Install       2 Package(s)
Upgrade       6 Package(s)

Total download size: 3.4 M
Is this ok [y/N]: y
Downloading Packages:
(1/8): OpenIPMI-libs-2.0.16-14.el6.i686.rpm              | 483 kB     00:00     
(2/8): curl-7.19.7-36.el6_4.i686.rpm                     | 193 kB     00:00     
(3/8): libcurl-7.19.7-36.el6_4.i686.rpm                  | 171 kB     00:00     
(4/8): libssh2-1.4.2-1.el6.i686.rpm                      | 124 kB     00:00     
(5/8): net-snmp-5.5-44.el6_4.1.i686.rpm                  | 302 kB     00:00     
(6/8): net-snmp-libs-5.5-44.el6_4.1.i686.rpm             | 1.5 MB     00:01     
(7/8): openldap-2.4.23-32.el6_4.1.i686.rpm               | 267 kB     00:00     
(8/8): unixODBC-2.2.14-12.el6_3.i686.rpm                 | 382 kB     00:00     
--------------------------------------------------------------------------------
Total                                           661 kB/s | 3.4 MB     00:05     
Running rpm_check_debug
Running Transaction Test
Transaction Test Succeeded
Running Transaction
  Updating   : openldap-2.4.23-32.el6_4.1.i686                             1/14 
  Updating   : libssh2-1.4.2-1.el6.i686                                    2/14 
  Updating   : libcurl-7.19.7-36.el6_4.i686                                3/14 
  Updating   : 1:net-snmp-libs-5.5-44.el6_4.1.i686                         4/14 
  Updating   : 1:net-snmp-5.5-44.el6_4.1.i686                              5/14 
  Updating   : curl-7.19.7-36.el6_4.i686                                   6/14 
  Installing : OpenIPMI-libs-2.0.16-14.el6.i686                            7/14 
  Installing : unixODBC-2.2.14-12.el6_3.i686                               8/14 
  Cleanup    : curl-7.19.7-26.el6_2.4.i686                                 9/14 
  Cleanup    : libcurl-7.19.7-26.el6_2.4.i686                             10/14 
  Cleanup    : 1:net-snmp-5.5-41.el6.i686                                 11/14 
  Cleanup    : 1:net-snmp-libs-5.5-41.el6.i686                            12/14 
  Cleanup    : openldap-2.4.23-26.el6.i686                                13/14 
  Cleanup    : libssh2-1.2.2-7.el6_2.3.i686                               14/14 
  Verifying  : libssh2-1.4.2-1.el6.i686                                    1/14 
  Verifying  : curl-7.19.7-36.el6_4.i686                                   2/14 
  Verifying  : unixODBC-2.2.14-12.el6_3.i686                               3/14 
  Verifying  : openldap-2.4.23-32.el6_4.1.i686                             4/14 
  Verifying  : 1:net-snmp-5.5-44.el6_4.1.i686                              5/14 
  Verifying  : 1:net-snmp-libs-5.5-44.el6_4.1.i686                         6/14 
  Verifying  : OpenIPMI-libs-2.0.16-14.el6.i686                            7/14 
  Verifying  : libcurl-7.19.7-36.el6_4.i686                                8/14 
  Verifying  : curl-7.19.7-26.el6_2.4.i686                                 9/14 
  Verifying  : 1:net-snmp-5.5-41.el6.i686                                 10/14 
  Verifying  : libcurl-7.19.7-26.el6_2.4.i686                             11/14 
  Verifying  : openldap-2.4.23-26.el6.i686                                12/14 
  Verifying  : libssh2-1.2.2-7.el6_2.3.i686                               13/14 
  Verifying  : 1:net-snmp-libs-5.5-41.el6.i686                            14/14 

Installed:
  OpenIPMI-libs.i686 0:2.0.16-14.el6       unixODBC.i686 0:2.2.14-12.el6_3      

Updated:
  curl.i686 0:7.19.7-36.el6_4             libssh2.i686 0:1.4.2-1.el6           
  net-snmp-libs.i686 1:5.5-44.el6_4.1     openldap.i686 0:2.4.23-32.el6_4.1    

Dependency Updated:
  libcurl.i686 0:7.19.7-36.el6_4         net-snmp.i686 1:5.5-44.el6_4.1        

Complete!
[root@localhost ~]# 


■最初のzabbixサーバーインストール
[root@localhost ~]# yum install zabbix zabbix-server zabbix-server-mysql
Loaded plugins: fastestmirror, refresh-packagekit, security
Loading mirror speeds from cached hostfile
 * base: ftp.iij.ad.jp
 * extras: ftp.iij.ad.jp
 * updates: ftp.iij.ad.jp
Setting up Install Process
No package zabbix available.
No package zabbix-server available.
No package zabbix-server-mysql available.
Error: Nothing to do
[root@localhost ~]# 


■あれ？おかしい。yumリポジトリの利用登録を実施。

この「ZABBIX-JPのyumリポジトリ利用方法」を参考に実施。
http://www.zabbix.jp/documents/installation/zabbix-jp-repository

[root@localhost ~]# wget http://repo.zabbix.jp/relatedpkgs/rhel6/i386/zabbix-jp-release-6-6.noarch.rpm
--2013-05-02 01:56:41--  http://repo.zabbix.jp/relatedpkgs/rhel6/i386/zabbix-jp-release-6-6.noarch.rpm
Resolving proxy.ricoh.co.jp... 10.6.248.80
Connecting to proxy.ricoh.co.jp|10.6.248.80|:8080... connected.
Proxy request sent, awaiting response... 200 OK
Length: 13816 (13K) [application/x-redhat-package-manager]
Saving to: “zabbix-jp-release-6-6.noarch.rpm”

100%[======================================>] 13,816      --.-K/s   in 0.02s   

2013-05-02 01:56:41 (866 KB/s) - “zabbix-jp-release-6-6.noarch.rpm” saved [13816/13816]

[root@localhost ~]# rpm -ivh zabbix-jp-release-6-6.noarch.rpm
warning: zabbix-jp-release-6-6.noarch.rpm: Header V4 DSA/SHA1 Signature, key ID f32904ff: NOKEY
Preparing...                ########################################### [100%]
   1:zabbix-jp-release      ########################################### [100%]
[root@localhost ~]# 

■再度zabbixパッケージのインストール
--------------------------------------------------------------------------------
Total                                           234 kB/s |  77 kB     00:00     
warning: rpmts_HdrFromFdno: Header V4 DSA/SHA1 Signature, key ID f32904ff: NOKEY
Retrieving key from file:///etc/pki/rpm-gpg/RPM-GPG-KEY-ZABBIX-JP
Importing GPG key 0xF32904FF:
 Userid : ZABBIX-JP (Japanese ZABBIX Support Site) <webmaster@zabbix.jp>
 Package: zabbix-jp-release-6-6.noarch (installed)
 From   : /etc/pki/rpm-gpg/RPM-GPG-KEY-ZABBIX-JP
Is this ok [y/N]: y
Running rpm_check_debug
Running Transaction Test
Transaction Test Succeeded
Running Transaction
Warning: RPMDB altered outside of yum.
  Installing : iksemel-1.4-2.el6.JP.i686                                    1/2 
  Installing : fping-2.4b2-16.el6.JP.i686                                   2/2 
  Verifying  : fping-2.4b2-16.el6.JP.i686                                   1/2 
  Verifying  : iksemel-1.4-2.el6.JP.i686                                    2/2 

Installed:
  fping.i686 0:2.4b2-16.el6.JP            iksemel.i686 0:1.4-2.el6.JP           

Complete!
[root@localhost ~]# 


■再度zabbixサーバーのインストール
[root@localhost ~]# yum install zabbix zabbix-server zabbix-server-mysql
Loaded plugins: fastestmirror, refresh-packagekit, security
Loading mirror speeds from cached hostfile
 * base: ftp.iij.ad.jp
 * extras: ftp.iij.ad.jp
 * updates: ftp.iij.ad.jp
Setting up Install Process
Resolving Dependencies
--> Running transaction check
---> Package zabbix.i686 0:1.8.16-1.el6.JP will be installed
---> Package zabbix-server.i686 0:1.8.16-1.el6.JP will be installed
---> Package zabbix-server-mysql.i686 0:1.8.16-1.el6.JP will be installed
--> Finished Dependency Resolution

Dependencies Resolved

================================================================================
 Package                  Arch      Version                Repository      Size
================================================================================
Installing:
 zabbix                   i686      1.8.16-1.el6.JP        zabbix-jp       14 k
 zabbix-server            i686      1.8.16-1.el6.JP        zabbix-jp      272 k
 zabbix-server-mysql      i686      1.8.16-1.el6.JP        zabbix-jp      363 k

Transaction Summary
================================================================================
Install       3 Package(s)

Total download size: 650 k
Installed size: 3.7 M
Is this ok [y/N]: y
Downloading Packages:
(1/3): zabbix-1.8.16-1.el6.JP.i686.rpm                   |  14 kB     00:00     
(2/3): zabbix-server-1.8.16-1.el6.JP.i686.rpm            | 272 kB     00:00     
(3/3): zabbix-server-mysql-1.8.16-1.el6.JP.i686.rpm      | 363 kB     00:00     
--------------------------------------------------------------------------------
Total                                           264 kB/s | 650 kB     00:02     
Running rpm_check_debug
Running Transaction Test
Transaction Test Succeeded
Running Transaction
  Installing : zabbix-1.8.16-1.el6.JP.i686                                  1/3 
  Installing : zabbix-server-mysql-1.8.16-1.el6.JP.i686                     2/3 
  Installing : zabbix-server-1.8.16-1.el6.JP.i686                           3/3 
  Verifying  : zabbix-1.8.16-1.el6.JP.i686                                  1/3 
  Verifying  : zabbix-server-mysql-1.8.16-1.el6.JP.i686                     2/3 
  Verifying  : zabbix-server-1.8.16-1.el6.JP.i686                           3/3 

Installed:
  zabbix.i686 0:1.8.16-1.el6.JP                                                 
  zabbix-server.i686 0:1.8.16-1.el6.JP                                          
  zabbix-server-mysql.i686 0:1.8.16-1.el6.JP                                    

Complete!
[root@localhost ~]# 

■DBへ初期データをインポート
[root@localhost doc]# mysql -uzabbix -p zabbix < /usr/share/doc/zabbix-server-1.8.16/schema/mysql.sql
Enter password: 
[root@localhost doc]# mysql -uzabbix -p zabbix < /usr/share/doc/zabbix-server-1.8.16/data/data.sql
Enter password: 
[root@localhost doc]# mysql -uzabbix -p zabbix < /usr/share/doc/zabbix-server-1.8.16/data/images_mysql.sql
Enter password: 
[root@localhost doc]# 

■Zabbixサーバの設定を行う
[root@localhost doc]# vi /etc/zabbix/zabbix_server.conf
Option名 Optionの意味 設定例  
DBName データベース名 zabbix  
DBUser データベースユーザー名 zabbix  
DBPassword データベースユーザーのパスワード 自分で設定したパスワード  
DBSocket データベースのソケットファイル /var/lib/mysql/mysql.sock  


■Zabbixサーバを起動する
[root@localhost doc]# ps -ef  | grep zabbix
root     13771 12482  0 02:15 pts/0    00:00:00 grep zabbix
[root@localhost doc]# /etc/init.d/zabbix-server start
Starting zabbix server:                                    [  OK  ]
[root@localhost doc]# ps -ef  | grep zabbix
zabbix   13779     1  3 02:15 ?        00:00:00 zabbix_server -c /etc/zabbix/zabbix_server.conf
zabbix   13785 13779  0 02:15 ?        00:00:00 zabbix_server -c /etc/zabbix/zabbix_server.conf
zabbix   13786 13779  0 02:15 ?        00:00:00 zabbix_server -c /etc/zabbix/zabbix_server.conf
zabbix   13789 13779  1 02:15 ?        00:00:00 zabbix_server -c /etc/zabbix/zabbix_server.conf
zabbix   13790 13779  1 02:15 ?        00:00:00 zabbix_server -c /etc/zabbix/zabbix_server.conf
zabbix   13791 13779  1 02:15 ?        00:00:00 zabbix_server -c /etc/zabbix/zabbix_server.conf
zabbix   13792 13779  1 02:15 ?        00:00:00 zabbix_server -c /etc/zabbix/zabbix_server.conf
zabbix   13793 13779  1 02:15 ?        00:00:00 zabbix_server -c /etc/zabbix/zabbix_server.conf
zabbix   13794 13779  1 02:15 ?        00:00:00 zabbix_server -c /etc/zabbix/zabbix_server.conf
zabbix   13795 13779  0 02:15 ?        00:00:00 zabbix_server -c /etc/zabbix/zabbix_server.conf
zabbix   13797 13779  0 02:15 ?        00:00:00 zabbix_server -c /etc/zabbix/zabbix_server.conf
zabbix   13799 13779  0 02:15 ?        00:00:00 zabbix_server -c /etc/zabbix/zabbix_server.conf
zabbix   13801 13779  0 02:15 ?        00:00:00 zabbix_server -c /etc/zabbix/zabbix_server.conf
zabbix   13802 13779  0 02:15 ?        00:00:00 zabbix_server -c /etc/zabbix/zabbix_server.conf
zabbix   13803 13779  0 02:15 ?        00:00:00 zabbix_server -c /etc/zabbix/zabbix_server.conf
zabbix   13807 13779  0 02:15 ?        00:00:00 zabbix_server -c /etc/zabbix/zabbix_server.conf
zabbix   13808 13779  0 02:15 ?        00:00:00 zabbix_server -c /etc/zabbix/zabbix_server.conf
zabbix   13810 13779  0 02:15 ?        00:00:00 zabbix_server -c /etc/zabbix/zabbix_server.conf
zabbix   13813 13779  0 02:15 ?        00:00:00 zabbix_server -c /etc/zabbix/zabbix_server.conf
zabbix   13816 13779  2 02:15 ?        00:00:00 zabbix_server -c /etc/zabbix/zabbix_server.conf
zabbix   13818 13779  0 02:15 ?        00:00:00 zabbix_server -c /etc/zabbix/zabbix_server.conf
zabbix   13823 13779  0 02:15 ?        00:00:00 zabbix_server -c /etc/zabbix/zabbix_server.conf
zabbix   13826 13779  0 02:15 ?        00:00:00 zabbix_server -c /etc/zabbix/zabbix_server.conf
zabbix   13827 13779  0 02:15 ?        00:00:00 zabbix_server -c /etc/zabbix/zabbix_server.conf
zabbix   13830 13779  0 02:15 ?        00:00:00 zabbix_server -c /etc/zabbix/zabbix_server.conf
zabbix   13831 13779  0 02:15 ?        00:00:00 zabbix_server -c /etc/zabbix/zabbix_server.conf
zabbix   13834 13779  0 02:15 ?        00:00:00 zabbix_server -c /etc/zabbix/zabbix_server.conf
root     13839 12482  0 02:15 pts/0    00:00:00 grep zabbix
[root@localhost doc]# 
[root@localhost doc]# /etc/init.d/zabbix-server status
zabbix_server (pid 13834 13831 13830 13827 13826 13823 13818 13816 13813 13810 13808 13807 13803 13802 13801 13799 13797 13795 13794 13793 13792 13791 13790 13789 13786 13785 13779) is running...
[root@localhost doc]# 


